分类: 📺央视频道, 名称: CCTV-1 综合, 有效: 4, IPv4: 58, IPv6: 0, 最小延迟: 379 ms, 最高速率: 0.93 M/s, 平均速率: 0.78 M/s, 最高分辨率: 1920x1080, 平均帧率: 43.75, 视频编解码器: h264, 音频编解码器: mp2
分类: 📺央视频道, 名称: CCTV-2 财经, 有效: 2, IPv4: 54, IPv6: 0, 最小延迟: 375 ms, 最高速率: 0.73 M/s, 平均速率: 0.72 M/s, 最高分辨率: 1920x1080, 平均帧率: 25.00, 视频编解码器: h264, 音频编解码器: mp2
分类: 📺央视频道, 名称: CCTV-4 中文国际, 有效: 3, IPv4: 62, IPv6: 0, 最小延迟: 378 ms, 最高速率: 0.58 M/s, 平均速率: 0.54 M/s, 最高分辨率: 1920x1080, 平均帧率: 35.00, 视频编解码器: h264, 音频编解码器: mp2
分类: 📺央视频道, 名称: CCTV-6 电影, 有效: 2, IPv4: 46, IPv6: 0, 最小延迟: 375 ms, 最高速率: 0.64 M/s, 平均速率: 0.62 M/s, 最高分辨率: 1920x1080, 平均帧率: 37.50, 视频编解码器: h264, 音频编解码器: mp2
分类: 📺央视频道, 名称: CCTV-8 电视, 有效: 4, IPv4: 46, IPv6: 0, 最小延迟: 381 ms, 最高速率: 0.77 M/s, 平均速率: 0.66 M/s, 最高分辨率: 1920x1080, 平均帧率: 37.50, 视频编解码器: h264, 音频编解码器: mp2
分类: 📺央视频道, 名称: CCTV-9 纪录, 有效: 2, IPv4: 54, IPv6: 0, 最小延迟: 379 ms, 最高速率: 0.81 M/s, 平均速率: 0.74 M/s, 最高分辨率: 1920x1080, 平均帧率: 32.14, 视频编解码器: h264, 音频编解码器: aac
分类: 📺央视频道, 名称: CCTV-10 科教, 有效: 1, IPv4: 50, IPv6: 0, 最小延迟: 375 ms, 最高速率: 0.53 M/s, 平均速率: 0.53 M/s, 最高分辨率: 1920x1080, 平均帧率: 37.50, 视频编解码器: h264, 音频编解码器: mp2
分类: 🌊港澳台, 名称: 无线新闻, 有效: 0, IPv4: 13, IPv6: 0, 最小延迟: 430 ms, 最高速率: 0.13 M/s, 平均速率: 0.00 M/s, 最高分辨率: 1920x1080, 平均帧率: 未知, 视频编解码器: 未知, 音频编解码器: 未知
分类: 📺央视频道, 名称: CCTV-13 新闻, 有效: 2, IPv4: 48, IPv6: 0, 最小延迟: 373 ms, 最高速率: 0.82 M/s, 平均速率: 0.80 M/s, 最高分辨率: 1920x1080, 平均帧率: 37.50, 视频编解码器: h264, 音频编解码器: mp2
分类: 🌊港澳台, 名称: 凤凰卫视, 有效: 0, IPv4: 1, IPv6: 0, 最小延迟: -1 ms, 最高速率: 0.00 M/s, 平均速率: 0.00 M/s, 最高分辨率: None, 平均帧率: 未知, 视频编解码器: 未知, 音频编解码器: 未知
分类: 🌊港澳台, 名称: 翡翠台, 有效: 1, IPv4: 7, IPv6: 0, 最小延迟: 10014 ms, 最高速率: 0.57 M/s, 平均速率: 0.57 M/s, 最高分辨率: 1920x1080, 平均帧率: 25.00, 视频编解码器: hevc, 音频编解码器: mp2
分类: 🌊港澳台, 名称: 明珠台, 有效: 1, IPv4: 4, IPv6: 0, 最小延迟: 10233 ms, 最高速率: 0.55 M/s, 平均速率: 0.55 M/s, 最高分辨率: 1920x1080, 平均帧率: 未知, 视频编解码器: 未知, 音频编解码器: 未知
分类: 🌊港澳台, 名称: 凤凰香港, 有效: 0, IPv4: 13, IPv6: 0, 最小延迟: -1 ms, 最高速率: 0.00 M/s, 平均速率: 0.00 M/s, 最高分辨率: None, 平均帧率: 未知, 视频编解码器: 未知, 音频编解码器: 未知
分类: 🌊港澳台, 名称: HOYTV, 有效: 0, IPv4: 1, IPv6: 0, 最小延迟: -1 ms, 最高速率: 0.00 M/s, 平均速率: 0.00 M/s, 最高分辨率: None, 平均帧率: 未知, 视频编解码器: 未知, 音频编解码器: 未知
分类: 🌊港澳台, 名称: viuTV, 有效: 0, IPv4: 1, IPv6: 0, 最小延迟: -1 ms, 最高速率: 0.00 M/s, 平均速率: 0.00 M/s, 最高分辨率: None, 平均帧率: 未知, 视频编解码器: 未知, 音频编解码器: 未知
分类: 🌊港澳台, 名称: 凤凰资讯, 有效: 0, IPv4: 14, IPv6: 0, 最小延迟: -1 ms, 最高速率: 0.00 M/s, 平均速率: 0.00 M/s, 最高分辨率: None, 平均帧率: 未知, 视频编解码器: 未知, 音频编解码器: 未知
分类: ☘️广东频道, 名称: 广东卫视, 有效: 6, IPv4: 34, IPv6: 0, 最小延迟: 373 ms, 最高速率: 1.12 M/s, 平均速率: 0.87 M/s, 最高分辨率: 1920x1080, 平均帧率: 29.17, 视频编解码器: h264, 音频编解码器: mp2
分类: ☘️广东频道, 名称: 大湾区卫视, 有效: 1, IPv4: 13, IPv6: 0, 最小延迟: 993 ms, 最高速率: 0.95 M/s, 平均速率: 0.95 M/s, 最高分辨率: 1920x1080, 平均帧率: 未知, 视频编解码器: 未知, 音频编解码器: 未知
分类: ☘️广东频道, 名称: 广东珠江, 有效: 8, IPv4: 35, IPv6: 0, 最小延迟: 383 ms, 最高速率: 1.16 M/s, 平均速率: 0.75 M/s, 最高分辨率: 1920x1080, 平均帧率: 28.12, 视频编解码器: h264, 音频编解码器: mp2
分类: ☘️广东频道, 名称: 广东新闻, 有效: 0, IPv4: 8, IPv6: 0, 最小延迟: 6899 ms, 最高速率: 0.56 M/s, 平均速率: 0.00 M/s, 最高分辨率: 1920x1080, 平均帧率: 25.00, 视频编解码器: mpeg2video, 音频编解码器: mp2
分类: ☘️广东频道, 名称: 广东民生, 有效: 0, IPv4: 6, IPv6: 0, 最小延迟: 381 ms, 最高速率: 0.36 M/s, 平均速率: 0.00 M/s, 最高分辨率: 1920x1080, 平均帧率: 未知, 视频编解码器: 未知, 音频编解码器: 未知
分类: ☘️广东频道, 名称: 南国都市4K, 有效: 0, IPv4: 4, IPv6: 0, 最小延迟: 378 ms, 最高速率: 1.15 M/s, 平均速率: 0.00 M/s, 最高分辨率: 1920x1080, 平均帧率: 50.00, 视频编解码器: hevc, 音频编解码器: aac
分类: ☘️广东频道, 名称: 广州新闻, 有效: 7, IPv4: 12, IPv6: 0, 最小延迟: 469 ms, 最高速率: 1.00 M/s, 平均速率: 0.52 M/s, 最高分辨率: 1920x1080, 平均帧率: 25.00, 视频编解码器: h264, 音频编解码器: mp2
分类: 📡卫视频道, 名称: 江苏卫视, 有效: 3, IPv4: 24, IPv6: 0, 最小延迟: 380 ms, 最高速率: 0.65 M/s, 平均速率: 0.50 M/s, 最高分辨率: 1920x1080, 平均帧率: 33.33, 视频编解码器: h264, 音频编解码器: mp2
分类: 📡卫视频道, 名称: 浙江卫视, 有效: 7, IPv4: 26, IPv6: 0, 最小延迟: 376 ms, 最高速率: 2.57 M/s, 平均速率: 0.97 M/s, 最高分辨率: 3840x2160, 平均帧率: 37.50, 视频编解码器: h264, 音频编解码器: mp2
分类: 📡卫视频道, 名称: 东南卫视, 有效: 2, IPv4: 17, IPv6: 0, 最小延迟: 367 ms, 最高速率: 0.97 M/s, 平均速率: 0.74 M/s, 最高分辨率: 1920x1080, 平均帧率: 25.00, 视频编解码器: h264, 音频编解码器: mp2
